#
# There is insufficient memory for the Java Runtime Environment to continue.
# Native memory allocation (mmap) failed to map 524288000 bytes. Error detail: G1 virtual space
# Possible reasons:
#   The system is out of physical RAM or swap space
#   This process is running with CompressedOops enabled, and the Java Heap may be blocking the growth of the native heap
# Possible solutions:
#   Reduce memory load on the system
#   Increase physical memory or swap space
#   Check if swap backing store is full
#   Decrease Java heap size (-Xmx/-Xms)
#   Decrease number of Java threads
#   Decrease Java thread stack sizes (-Xss)
#   Set larger code cache with -XX:ReservedCodeCacheSize=
#   JVM is running with Zero Based Compressed Oops mode in which the Java heap is
#     placed in the first 32GB address space. The Java Heap base address is the
#     maximum limit for the native heap growth. Please use -XX:HeapBaseMinAddress
#     to set the Java Heap base and to place the Java Heap above 32GB virtual address.
# This output file may be truncated or incomplete.
#
#  Out of Memory Error (os_windows.cpp:3690), pid=576200, tid=576032
#
# JRE version:  (17.0.18+8) (build )
# Java VM: OpenJDK 64-Bit Server VM (17.0.18+8-LTS, mixed mode, emulated-client, sharing, tiered, compressed oops, compressed class ptrs, g1 gc, windows-amd64)
# No core dump will be written. Minidumps are not enabled by default on client versions of Windows
#

---------------  S U M M A R Y ------------

Command Line: -XX:TieredStopAtLevel=1 -Dspring.output.ansi.enabled=always -javaagent:C:\Program Files\JetBrains\IntelliJ IDEA 2026.1\lib\idea_rt.jar=55393 -Dfile.encoding=UTF-8 com.example.demo.DemoApplication

Host: AMD Ryzen 5 7600X 6-Core Processor             , 12 cores, 31G,  Windows 11 , 64 bit Build 26100 (10.0.26100.7920)
Time: Fri Mar 27 17:26:47 2026  Windows 11 , 64 bit Build 26100 (10.0.26100.7920) elapsed time: 1.128800 seconds (0d 0h 0m 1s)

---------------  T H R E A D  ---------------

Current thread (0x000002616ad45150):  JavaThread "Unknown thread" [_thread_in_vm, id=576032, stack(0x0000006d6a200000,0x0000006d6a300000)]

Stack: [0x0000006d6a200000,0x0000006d6a300000]
Native frames: (J=compiled Java code, j=interpreted, Vv=VM code, C=native code)
V  [jvm.dll+0x68c879]  (no source info available)
V  [jvm.dll+0x845979]  (no source info available)
V  [jvm.dll+0x8476e8]  (no source info available)
V  [jvm.dll+0x847d73]  (no source info available)
V  [jvm.dll+0x24cf6f]  (no source info available)
V  [jvm.dll+0x68bc79]  (no source info available)
V  [jvm.dll+0x68023a]  (no source info available)
V  [jvm.dll+0x3101a0]  (no source info available)
V  [jvm.dll+0x310042]  (no source info available)
V  [jvm.dll+0x317599]  (no source info available)
V  [jvm.dll+0x369999]  (no source info available)
V  [jvm.dll+0x369bcd]  (no source info available)
V  [jvm.dll+0x2e69aa]  (no source info available)
V  [jvm.dll+0x2e78b8]  (no source info available)
V  [jvm.dll+0x81871e]  (no source info available)
V  [jvm.dll+0x377601]  (no source info available)
V  [jvm.dll+0x7f6d65]  (no source info available)
V  [jvm.dll+0x3fd47b]  (no source info available)
V  [jvm.dll+0x3ff0b1]  (no source info available)
C  [jli.dll+0x52f0]  (no source info available)
C  [ucrtbase.dll+0x37b0]  (no source info available)
C  [KERNEL32.DLL+0x2e8d7]  (no source info available)
C  [ntdll.dll+0x8c48c]  (no source info available)


---------------  P R O C E S S  ---------------

Threads class SMR info:
_java_thread_list=0x00007ff85f8a6058, length=0, elements={
}

Java Threads: ( => current thread )

Other Threads:
  0x000002616aded370 GCTaskThread "GC Thread#0" [stack: 0x0000006d6a300000,0x0000006d6a400000] [id=576240]
  0x0000026178b64c10 ConcurrentGCThread "G1 Main Marker" [stack: 0x0000006d6a400000,0x0000006d6a500000] [id=574020]
  0x0000026178b65050 ConcurrentGCThread "G1 Conc#0" [stack: 0x0000006d6a500000,0x0000006d6a600000] [id=576316]

[error occurred during error reporting (printing all threads), id 0xc0000005, EXCEPTION_ACCESS_VIOLATION (0xc0000005) at pc=0x00007ff85f0574e7]

VM state: not at safepoint (not fully initialized)

VM Mutex/Monitor currently owned by a thread:  ([mutex/lock_event])
[0x000002616ad3eba0] Heap_lock - owner thread: 0x000002616ad45150

Heap address: 0x000000060d800000, size: 7976 MB, Compressed Oops mode: Zero based, Oop shift amount: 3

CDS archive(s) mapped at: [0x0000000000000000-0x0000000000000000-0x0000000000000000), size 0, SharedBaseAddress: 0x0000000800000000, ArchiveRelocationMode: 1.
Narrow klass base: 0x0000000000000000, Narrow klass shift: 0, Narrow klass range: 0x0

GC Precious Log:
<Empty>

Heap:
 garbage-first heap   total 0K, used 0K [0x000000060d800000, 0x0000000800000000)
  region size 4096K, 0 young (0K), 0 survivors (0K)

[error occurred during error reporting (printing heap information), id 0xc0000005, EXCEPTION_ACCESS_VIOLATION (0xc0000005) at pc=0x00007ff85f448929]

GC Heap History (0 events):
No events

Dll operation events (1 events):
Event: 0.005 Loaded shared library C:\Users\a5011\.jdks\ms-17.0.18\bin\java.dll

Deoptimization events (0 events):
No events

Classes loaded (0 events):
No events

Classes unloaded (0 events):
No events

Classes redefined (0 events):
No events

Internal exceptions (0 events):
No events

VM Operations (0 events):
No events

Memory protections (0 events):
No events

Nmethod flushes (0 events):
No events

Events (0 events):
No events


Dynamic libraries:
0x00007ff74b960000 - 0x00007ff74b96e000 	C:\Users\a5011\.jdks\ms-17.0.18\bin\java.exe
0x00007ff93bcc0000 - 0x00007ff93bf27000 	C:\WINDOWS\SYSTEM32\ntdll.dll
0x00007ff93ab00000 - 0x00007ff93abc9000 	C:\WINDOWS\System32\KERNEL32.DLL
0x00007ff9392b0000 - 0x00007ff9396a1000 	C:\WINDOWS\System32\KERNELBASE.dll
0x00007ff938ea0000 - 0x00007ff938feb000 	C:\WINDOWS\System32\ucrtbase.dll
0x00007ff9292a0000 - 0x00007ff9292be000 	C:\Users\a5011\.jdks\ms-17.0.18\bin\VCRUNTIME140.dll
0x00007ff929280000 - 0x00007ff929298000 	C:\Users\a5011\.jdks\ms-17.0.18\bin\jli.dll
0x00007ff93b1a0000 - 0x00007ff93b365000 	C:\WINDOWS\System32\USER32.dll
0x00007ff928d50000 - 0x00007ff928fe3000 	C:\WINDOWS\WinSxS\amd64_microsoft.windows.common-controls_6595b64144ccf1df_6.0.26100.8037_none_3e092faae333b53b\COMCTL32.dll
0x00007ff939280000 - 0x00007ff9392a7000 	C:\WINDOWS\System32\win32u.dll
0x00007ff93b460000 - 0x00007ff93b509000 	C:\WINDOWS\System32\msvcrt.dll
0x00007ff93af50000 - 0x00007ff93af7b000 	C:\WINDOWS\System32\GDI32.dll
0x00007ff9390a0000 - 0x00007ff9391cb000 	C:\WINDOWS\System32\gdi32full.dll
0x00007ff9391d0000 - 0x00007ff939273000 	C:\WINDOWS\System32\msvcp_win.dll
0x00007ff93af10000 - 0x00007ff93af41000 	C:\WINDOWS\System32\IMM32.DLL
0x00007ff935f90000 - 0x00007ff935f9c000 	C:\Users\a5011\.jdks\ms-17.0.18\bin\vcruntime140_1.dll
0x00007ff8f8920000 - 0x00007ff8f89a9000 	C:\Users\a5011\.jdks\ms-17.0.18\bin\msvcp140.dll
0x00007ff85ed60000 - 0x00007ff85f9da000 	C:\Users\a5011\.jdks\ms-17.0.18\bin\server\jvm.dll
0x00007ff93a8a0000 - 0x00007ff93a95b000 	C:\WINDOWS\System32\ADVAPI32.dll
0x00007ff939a80000 - 0x00007ff939b27000 	C:\WINDOWS\System32\sechost.dll
0x00007ff93b080000 - 0x00007ff93b198000 	C:\WINDOWS\System32\RPCRT4.dll
0x00007ff93b370000 - 0x00007ff93b3e4000 	C:\WINDOWS\System32\WS2_32.dll
0x00007ff938400000 - 0x00007ff93845e000 	C:\WINDOWS\SYSTEM32\POWRPROF.dll
0x00007ff92b3e0000 - 0x00007ff92b415000 	C:\WINDOWS\SYSTEM32\WINMM.dll
0x00007ff9301f0000 - 0x00007ff9301fb000 	C:\WINDOWS\SYSTEM32\VERSION.dll
0x00007ff9383e0000 - 0x00007ff9383f4000 	C:\WINDOWS\SYSTEM32\UMPDC.dll
0x00007ff937330000 - 0x00007ff93734b000 	C:\WINDOWS\SYSTEM32\kernel.appcore.dll
0x00007ff929270000 - 0x00007ff92927a000 	C:\Users\a5011\.jdks\ms-17.0.18\bin\jimage.dll
0x00007ff931560000 - 0x00007ff9317a2000 	C:\WINDOWS\SYSTEM32\DBGHELP.DLL
0x00007ff939d20000 - 0x00007ff93a0a2000 	C:\WINDOWS\System32\combase.dll
0x00007ff93ada0000 - 0x00007ff93ae77000 	C:\WINDOWS\System32\OLEAUT32.dll
0x00007ff932ba0000 - 0x00007ff932bdb000 	C:\WINDOWS\SYSTEM32\dbgcore.DLL
0x00007ff938ff0000 - 0x00007ff939095000 	C:\WINDOWS\System32\bcryptPrimitives.dll
0x00007ff932b00000 - 0x00007ff932b0f000 	C:\Users\a5011\.jdks\ms-17.0.18\bin\instrument.dll
0x00007ff929240000 - 0x00007ff929266000 	C:\Users\a5011\.jdks\ms-17.0.18\bin\java.dll

dbghelp: loaded successfully - version: 4.0.5 - missing functions: none
symbol engine: initialized successfully - sym options: 0x614 - pdb path: .;C:\Users\a5011\.jdks\ms-17.0.18\bin;C:\WINDOWS\SYSTEM32;C:\WINDOWS\WinSxS\amd64_microsoft.windows.common-controls_6595b64144ccf1df_6.0.26100.8037_none_3e092faae333b53b;C:\Users\a5011\.jdks\ms-17.0.18\bin\server

VM Arguments:
jvm_args: -XX:TieredStopAtLevel=1 -Dspring.output.ansi.enabled=always -javaagent:C:\Program Files\JetBrains\IntelliJ IDEA 2026.1\lib\idea_rt.jar=55393 -Dfile.encoding=UTF-8 
java_command: com.example.demo.DemoApplication
java_class_path (initial): D:\healthyMeal\backend\target\classes;C:\Users\a5011\.m2\repository\org\springframework\boot\spring-boot-h2console\4.0.4\spring-boot-h2console-4.0.4.jar;C:\Users\a5011\.m2\repository\org\springframework\boot\spring-boot\4.0.4\spring-boot-4.0.4.jar;C:\Users\a5011\.m2\repository\org\springframework\spring-core\7.0.6\spring-core-7.0.6.jar;C:\Users\a5011\.m2\repository\commons-logging\commons-logging\1.3.6\commons-logging-1.3.6.jar;C:\Users\a5011\.m2\repository\org\jspecify\jspecify\1.0.0\jspecify-1.0.0.jar;C:\Users\a5011\.m2\repository\org\springframework\spring-context\7.0.6\spring-context-7.0.6.jar;C:\Users\a5011\.m2\repository\org\springframework\spring-aop\7.0.6\spring-aop-7.0.6.jar;C:\Users\a5011\.m2\repository\org\springframework\spring-beans\7.0.6\spring-beans-7.0.6.jar;C:\Users\a5011\.m2\repository\org\springframework\spring-expression\7.0.6\spring-expression-7.0.6.jar;C:\Users\a5011\.m2\repository\io\micrometer\micrometer-observation\1.16.4\micrometer-observation-1.16.4.jar;C:\Users\a5011\.m2\repository\io\micrometer\micrometer-commons\1.16.4\micrometer-commons-1.16.4.jar;C:\Users\a5011\.m2\repository\jakarta\servlet\jakarta.servlet-api\6.1.0\jakarta.servlet-api-6.1.0.jar;C:\Users\a5011\.m2\repository\org\springframework\boot\spring-boot-starter-data-jpa\4.0.4\spring-boot-starter-data-jpa-4.0.4.jar;C:\Users\a5011\.m2\repository\org\springframework\boot\spring-boot-starter\4.0.4\spring-boot-starter-4.0.4.jar;C:\Users\a5011\.m2\repository\org\springframework\boot\spring-boot-starter-logging\4.0.4\spring-boot-starter-logging-4.0.4.jar;C:\Users\a5011\.m2\repository\ch\qos\logback\logback-classic\1.5.32\logback-classic-1.5.32.jar;C:\Users\a5011\.m2\repository\ch\qos\logback\logback-core\1.5.32\logback-core-1.5.32.jar;C:\Users\a5011\.m2\repository\org\apache\logging\log4j\log4j-to-slf4j\2.25.3\log4j-to-slf4j-2.25.3.jar;C:\Users\a5011\.m2\repository\org\apache\logging\log4j\log4j-api\2.25.3\log4j-api-2.25.3.jar;C:\Users\a5011\.m2\reposito
Launcher Type: SUN_STANDARD

[Global flags]
     intx CICompilerCount                          = 4                                         {product} {ergonomic}
     uint ConcGCThreads                            = 3                                         {product} {ergonomic}
     uint G1ConcRefinementThreads                  = 10                                        {product} {ergonomic}
   size_t G1HeapRegionSize                         = 4194304                                   {product} {ergonomic}
    uintx GCDrainStackTargetSize                   = 64                                        {product} {ergonomic}
   size_t InitialHeapSize                          = 524288000                                 {product} {ergonomic}
   size_t MarkStackSize                            = 4194304                                   {product} {ergonomic}
   size_t MaxHeapSize                              = 8363442176                                {product} {ergonomic}
   size_t MinHeapDeltaBytes                        = 4194304                                   {product} {ergonomic}
   size_t MinHeapSize                              = 8388608                                   {product} {ergonomic}
    uintx NonProfiledCodeHeapSize                  = 0                                      {pd product} {ergonomic}
     bool ProfileInterpreter                       = false                                  {pd product} {command line}
    uintx ProfiledCodeHeapSize                     = 0                                      {pd product} {ergonomic}
   size_t SoftMaxHeapSize                          = 8363442176                             {manageable} {ergonomic}
     intx TieredStopAtLevel                        = 1                                         {product} {command line}
     bool UseCompressedClassPointers               = true                           {product lp64_product} {ergonomic}
     bool UseCompressedOops                        = true                           {product lp64_product} {ergonomic}
     bool UseG1GC                                  = true                                      {product} {ergonomic}
     bool UseLargePagesIndividualAllocation        = false                                  {pd product} {ergonomic}

Logging:
Log output configuration:
 #0: stdout all=warning uptime,level,tags
 #1: stderr all=off uptime,level,tags

Environment Variables:
JAVA_HOME=C:\Program Files\Java\jdk-17
PATH=C:\Program Files\Common Files\Oracle\Java\javapath;C:\Program Files (x86)\Common Files\Oracle\Java\java8path;C:\Program Files (x86)\Common Files\Oracle\Java\javapath;C:\WINDOWS\system32;C:\WINDOWS;C:\WINDOWS\System32\Wbem;C:\WINDOWS\System32\WindowsPowerShell\v1.0\;C:\WINDOWS\System32\OpenSSH\;C:\Program Files\Git\cmd;C:\Program Files\TortoiseGit\bin;C:\Program Files\TortoiseSVN\bin;C:\Users\a5011\AppData\Roaming\nvm;C:\Program Files\nodejs;C:\Users\a5011\.cargo\bin;C:\Users\a5011\AppData\Local\Programs\Python\Python38\Scripts\;C:\Users\a5011\AppData\Local\Programs\Python\Python38\;C:\Users\a5011\AppData\Local\Microsoft\WindowsApps;C:\Users\a5011\AppData\Local\Programs\Microsoft VS Code\bin;C:\Users\a5011\AppData\Roaming\nvm;C:\Program Files\nodejs;C:\Users\a5011\AppData\Local\Programs\Antigravity\bin;C:\Program Files\JetBrains\IntelliJ IDEA 2026.1\bin
USERNAME=a50118
OS=Windows_NT
PROCESSOR_IDENTIFIER=AMD64 Family 25 Model 97 Stepping 2, AuthenticAMD
TMP=C:\Users\a5011\AppData\Local\Temp
TEMP=C:\Users\a5011\AppData\Local\Temp



Periodic native trim disabled


---------------  S Y S T E M  ---------------

OS:
 Windows 11 , 64 bit Build 26100 (10.0.26100.7920)
OS uptime: 14 days 8:12 hours

CPU: total 12 (initial active 12) (12 cores per cpu, 2 threads per core) family 25 model 97 stepping 2 microcode 0xa601203, cx8, cmov, fxsr, ht, mmx, 3dnowpref, sse, sse2, sse3, ssse3, sse4a, sse4.1, sse4.2, popcnt, lzcnt, tsc, tscinvbit, avx, avx2, aes, erms, clmul, bmi1, bmi2, adx, avx512f, avx512dq, avx512cd, avx512bw, avx512vl, sha, fma, vzeroupper, avx512_vpopcntdq, avx512_vpclmulqdq, avx512_vaes, avx512_vnni, clflush, clflushopt, avx512_vbmi2, avx512_vbmi
Processor Information for the first 12 processors :
  Max Mhz: 4701, Current Mhz: 4701, Mhz Limit: 4701

Memory: 4k page, system-wide physical 31893M (4066M free)
TotalPageFile size 46088M (AvailPageFile size 353M)
current process WorkingSet (physical memory assigned to process): 13M, peak: 13M
current process commit charge ("private bytes"): 60M, peak: 560M

vm_info: OpenJDK 64-Bit Server VM (17.0.18+8-LTS) for windows-amd64 JRE (17.0.18+8-LTS), built on Jan 15 2026 18:50:45 by "MicrosoftCorporation" with MS VC++ 17.14 (VS2022)

END.
